exports[`test should handle RESET_SEARCH 1`] = `
Object {
  "currentPage": 0,
  "movies": Array [],
  "title": "",
  "totalPages": 0,
  "totalResults": 0,
}
`;

exports[`test should handle SET_MOVIES with payload 1`] = `
Object {
  "currentPage": 1,
  "movies": Array [
    Object {
      "title": "a",
    },
  ],
  "title": "",
  "totalPages": undefined,
  "totalResults": undefined,
}
`;

exports[`test should return initial state 1`] = `
Object {
  "currentPage": 0,
  "movies": Array [],
  "title": "",
  "totalPages": 0,
  "totalResults": 0,
}
`;
